-- Automatically generated by SQLQueryTestSuite
-- Number of queries: 8


-- !query
select timestamp_ltz'2016-12-31 00:12:00', timestamp_ltz'2016-12-31'
-- !query schema
struct<TIMESTAMP '2016-12-31 00:12:00':timestamp,TIMESTAMP '2016-12-31 00:00:00':timestamp>
-- !query output
2016-12-31 00:12:00	2016-12-31 00:00:00


-- !query
select to_timestamp_ltz(null), to_timestamp_ltz('2016-12-31 00:12:00'), to_timestamp_ltz('2016-12-31', 'yyyy-MM-dd')
-- !query schema
struct<to_timestamp_ltz(NULL):timestamp,to_timestamp_ltz(2016-12-31 00:12:00):timestamp,to_timestamp_ltz(2016-12-31, yyyy-MM-dd):timestamp>
-- !query output
NULL	2016-12-31 00:12:00	2016-12-31 00:00:00


-- !query
select to_timestamp_ltz(to_date(null)), to_timestamp_ltz(to_date('2016-12-31'))
-- !query schema
struct<to_timestamp_ltz(to_date(NULL)):timestamp,to_timestamp_ltz(to_date(2016-12-31)):timestamp>
-- !query output
NULL	2016-12-31 00:00:00


-- !query
select to_timestamp_ltz(to_timestamp_ntz(null)), to_timestamp_ltz(to_timestamp_ntz('2016-12-31 00:12:00'))
-- !query schema
struct<to_timestamp_ltz(to_timestamp_ntz(NULL)):timestamp,to_timestamp_ltz(to_timestamp_ntz(2016-12-31 00:12:00)):timestamp>
-- !query output
NULL	2016-12-31 00:12:00


-- !query
SELECT make_timestamp_ltz(2021, 07, 11, 6, 30, 45.678)
-- !query schema
struct<make_timestamp_ltz(2021, 7, 11, 6, 30, 45.678):timestamp>
-- !query output
2021-07-11 06:30:45.678


-- !query
SELECT make_timestamp_ltz(2021, 07, 11, 6, 30, 45.678, 'CET')
-- !query schema
struct<make_timestamp_ltz(2021, 7, 11, 6, 30, 45.678):timestamp>
-- !query output
2021-07-10 21:30:45.678


-- !query
SELECT make_timestamp_ltz(2021, 07, 11, 6, 30, 60.007)
-- !query schema
struct<make_timestamp_ltz(2021, 7, 11, 6, 30, 60.007):timestamp>
-- !query output
NULL


-- !query
SELECT convert_timezone('America/Los_Angeles', timestamp'2022-01-01 00:00:00 Europe/Moscow')
-- !query schema
struct<convert_timezone(America/Los_Angeles, America/Los_Angeles, TIMESTAMP '2021-12-31 13:00:00'):timestamp_ntz>
-- !query output
2021-12-31 13:00:00
